
a.elf:     file format elf32-avr

Sections:
Idx Name          Size      VMA       LMA       File off  Algn
  0 .text         00000116  00000000  00000000  00000054  2**1
                  CONTENTS, ALLOC, LOAD, READONLY, CODE
  1 .comment      00000030  00000000  00000000  0000016a  2**0
                  CONTENTS, READONLY

Disassembly of section .text:

00000000 <__vectors>:
   0:	09 c0       	rjmp	.+18     	; 0x14 <__ctors_end>
   2:	0e c0       	rjmp	.+28     	; 0x20 <__bad_interrupt>
   4:	0d c0       	rjmp	.+26     	; 0x20 <__bad_interrupt>
   6:	0c c0       	rjmp	.+24     	; 0x20 <__bad_interrupt>
   8:	0b c0       	rjmp	.+22     	; 0x20 <__bad_interrupt>
   a:	0a c0       	rjmp	.+20     	; 0x20 <__bad_interrupt>
   c:	09 c0       	rjmp	.+18     	; 0x20 <__bad_interrupt>
   e:	08 c0       	rjmp	.+16     	; 0x20 <__bad_interrupt>
  10:	07 c0       	rjmp	.+14     	; 0x20 <__bad_interrupt>
  12:	06 c0       	rjmp	.+12     	; 0x20 <__bad_interrupt>

00000014 <__ctors_end>:
  14:	11 24       	eor	r1, r1
  16:	1f be       	out	0x3f, r1	; 63
  18:	cf e9       	ldi	r28, 0x9F	; 159
  1a:	cd bf       	out	0x3d, r28	; 61
  1c:	23 d0       	rcall	.+70     	; 0x64 <main>
  1e:	79 c0       	rjmp	.+242    	; 0x112 <_exit>

00000020 <__bad_interrupt>:
  20:	ef cf       	rjmp	.-34     	; 0x0 <__vectors>

00000022 <pedal.part.0>:
  22:	94 e6       	ldi	r25, 0x64	; 100
  24:	81 e0       	ldi	r24, 0x01	; 1
  26:	b4 9b       	sbis	0x16, 4	; 22
  28:	80 e0       	ldi	r24, 0x00	; 0
  2a:	eb e2       	ldi	r30, 0x2B	; 43
  2c:	f1 e0       	ldi	r31, 0x01	; 1
  2e:	31 97       	sbiw	r30, 0x01	; 1
  30:	f1 f7       	brne	.-4      	; 0x2e <pedal.part.0+0xc>
  32:	00 c0       	rjmp	.+0      	; 0x34 <pedal.part.0+0x12>
  34:	00 00       	nop
  36:	91 50       	subi	r25, 0x01	; 1
  38:	b1 f7       	brne	.-20     	; 0x26 <pedal.part.0+0x4>
  3a:	08 95       	ret

0000003c <fireDelay>:
  3c:	47 9a       	sbi	0x08, 7	; 8
  3e:	87 b1       	in	r24, 0x07	; 7
  40:	81 62       	ori	r24, 0x21	; 33
  42:	87 b9       	out	0x07, r24	; 7
  44:	86 b1       	in	r24, 0x06	; 6
  46:	83 60       	ori	r24, 0x03	; 3
  48:	86 b9       	out	0x06, r24	; 6
  4a:	37 9a       	sbi	0x06, 7	; 6
  4c:	36 9a       	sbi	0x06, 6	; 6
  4e:	36 99       	sbic	0x06, 6	; 6
  50:	fe cf       	rjmp	.-4      	; 0x4e <__SREG__+0xf>
  52:	85 b1       	in	r24, 0x05	; 5
  54:	37 98       	cbi	0x06, 7	; 6
  56:	90 e0       	ldi	r25, 0x00	; 0
  58:	6f ef       	ldi	r22, 0xFF	; 255
  5a:	70 e0       	ldi	r23, 0x00	; 0
  5c:	33 d0       	rcall	.+102    	; 0xc4 <__divmodhi4>
  5e:	84 e0       	ldi	r24, 0x04	; 4
  60:	86 0f       	add	r24, r22
  62:	08 95       	ret

00000064 <main>:
  64:	88 e0       	ldi	r24, 0x08	; 8
  66:	87 bb       	out	0x17, r24	; 23
  68:	b4 9b       	sbis	0x16, 4	; 22
  6a:	fe cf       	rjmp	.-4      	; 0x68 <main+0x4>
  6c:	da df       	rcall	.-76     	; 0x22 <pedal.part.0>
  6e:	88 23       	and	r24, r24
  70:	d9 f3       	breq	.-10     	; 0x68 <main+0x4>
  72:	c2 e0       	ldi	r28, 0x02	; 2
  74:	47 98       	cbi	0x08, 7	; 8
  76:	8b e2       	ldi	r24, 0x2B	; 43
  78:	91 e0       	ldi	r25, 0x01	; 1
  7a:	01 97       	sbiw	r24, 0x01	; 1
  7c:	f1 f7       	brne	.-4      	; 0x7a <main+0x16>
  7e:	00 c0       	rjmp	.+0      	; 0x80 <main+0x1c>
  80:	00 00       	nop
  82:	45 99       	sbic	0x08, 5	; 8
  84:	fe cf       	rjmp	.-4      	; 0x82 <main+0x1e>
  86:	47 9a       	sbi	0x08, 7	; 8
  88:	d9 df       	rcall	.-78     	; 0x3c <fireDelay>
  8a:	88 23       	and	r24, r24
  8c:	51 f0       	breq	.+20     	; 0xa2 <__stack+0x3>
  8e:	90 e0       	ldi	r25, 0x00	; 0
  90:	eb e2       	ldi	r30, 0x2B	; 43
  92:	f1 e0       	ldi	r31, 0x01	; 1
  94:	31 97       	sbiw	r30, 0x01	; 1
  96:	f1 f7       	brne	.-4      	; 0x94 <main+0x30>
  98:	00 c0       	rjmp	.+0      	; 0x9a <main+0x36>
  9a:	00 00       	nop
  9c:	9f 5f       	subi	r25, 0xFF	; 255
  9e:	98 13       	cpse	r25, r24
  a0:	f7 cf       	rjmp	.-18     	; 0x90 <main+0x2c>
  a2:	c3 9a       	sbi	0x18, 3	; 24
  a4:	eb e2       	ldi	r30, 0x2B	; 43
  a6:	f1 e0       	ldi	r31, 0x01	; 1
  a8:	31 97       	sbiw	r30, 0x01	; 1
  aa:	f1 f7       	brne	.-4      	; 0xa8 <__stack+0x9>
  ac:	00 c0       	rjmp	.+0      	; 0xae <__stack+0xf>
  ae:	00 00       	nop
  b0:	c3 98       	cbi	0x18, 3	; 24
  b2:	c1 50       	subi	r28, 0x01	; 1
  b4:	f9 f6       	brne	.-66     	; 0x74 <main+0x10>
  b6:	03 c0       	rjmp	.+6      	; 0xbe <__stack+0x1f>
  b8:	b4 df       	rcall	.-152    	; 0x22 <pedal.part.0>
  ba:	88 23       	and	r24, r24
  bc:	a9 f2       	breq	.-86     	; 0x68 <main+0x4>
  be:	b4 99       	sbic	0x16, 4	; 22
  c0:	fb cf       	rjmp	.-10     	; 0xb8 <__stack+0x19>
  c2:	d2 cf       	rjmp	.-92     	; 0x68 <main+0x4>

000000c4 <__divmodhi4>:
  c4:	97 fb       	bst	r25, 7
  c6:	07 2e       	mov	r0, r23
  c8:	16 f4       	brtc	.+4      	; 0xce <__divmodhi4+0xa>
  ca:	00 94       	com	r0
  cc:	06 d0       	rcall	.+12     	; 0xda <__divmodhi4_neg1>
  ce:	77 fd       	sbrc	r23, 7
  d0:	08 d0       	rcall	.+16     	; 0xe2 <__divmodhi4_neg2>
  d2:	0b d0       	rcall	.+22     	; 0xea <__udivmodhi4>
  d4:	07 fc       	sbrc	r0, 7
  d6:	05 d0       	rcall	.+10     	; 0xe2 <__divmodhi4_neg2>
  d8:	3e f4       	brtc	.+14     	; 0xe8 <__divmodhi4_exit>

000000da <__divmodhi4_neg1>:
  da:	90 95       	com	r25
  dc:	81 95       	neg	r24
  de:	9f 4f       	sbci	r25, 0xFF	; 255
  e0:	08 95       	ret

000000e2 <__divmodhi4_neg2>:
  e2:	70 95       	com	r23
  e4:	61 95       	neg	r22
  e6:	7f 4f       	sbci	r23, 0xFF	; 255

000000e8 <__divmodhi4_exit>:
  e8:	08 95       	ret

000000ea <__udivmodhi4>:
  ea:	aa 1b       	sub	r26, r26
  ec:	bb 1b       	sub	r27, r27
  ee:	51 e1       	ldi	r21, 0x11	; 17
  f0:	07 c0       	rjmp	.+14     	; 0x100 <__udivmodhi4_ep>

000000f2 <__udivmodhi4_loop>:
  f2:	aa 1f       	adc	r26, r26
  f4:	bb 1f       	adc	r27, r27
  f6:	a6 17       	cp	r26, r22
  f8:	b7 07       	cpc	r27, r23
  fa:	10 f0       	brcs	.+4      	; 0x100 <__udivmodhi4_ep>
  fc:	a6 1b       	sub	r26, r22
  fe:	b7 0b       	sbc	r27, r23

00000100 <__udivmodhi4_ep>:
 100:	88 1f       	adc	r24, r24
 102:	99 1f       	adc	r25, r25
 104:	5a 95       	dec	r21
 106:	a9 f7       	brne	.-22     	; 0xf2 <__udivmodhi4_loop>
 108:	80 95       	com	r24
 10a:	90 95       	com	r25
 10c:	bc 01       	movw	r22, r24
 10e:	cd 01       	movw	r24, r26
 110:	08 95       	ret

00000112 <_exit>:
 112:	f8 94       	cli

00000114 <__stop_program>:
 114:	ff cf       	rjmp	.-2      	; 0x114 <__stop_program>
